---
apiVersion: v1
data:
  values: |
    global:
      connectivity:
        availabilityZoneUsageLimit: 3
        network:
          vpcCidr: 10.123.0.0/16
        subnets:
        - cidrBlocks:
          - availabilityZone: a
            cidr: 10.123.64.0/18
          - availabilityZone: b
            cidr: 10.123.128.0/18
          - availabilityZone: c
            cidr: 10.123.192.0/18
          isPublic: false
        - cidrBlocks:
          - availabilityZone: a
            cidr: 10.123.0.0/20
          - availabilityZone: b
            cidr: 10.123.16.0/20
          - availabilityZone: c
            cidr: 10.123.32.0/20
          isPublic: true
        topology: {}
      controlPlane:
        instanceType: control-plane-instance-type
      metadata:
        description: just a test cluster
        name: test1
        organization: test
        preventDeletion: false
      nodePools:
        worker1:
          availabilityZones:
          - eu-west-1a
          - eu-west-1b
          customNodeLabels:
          - label=value
          instanceType: big-one
          maxSize: 5
          minSize: 2
          rootVolumeSizeGB: 200
      providerSpecific:
        awsClusterRoleIdentityName: default
        region: the-region
      release:
        version: 25.0.0
kind: ConfigMap
metadata:
  creationTimestamp: null
  labels:
    giantswarm.io/cluster: test1
  name: test1-userconfig
  namespace: org-test
---
apiVersion: application.giantswarm.io/v1alpha1
kind: App
metadata:
  labels:
    app-operator.giantswarm.io/version: 0.0.0
  name: test1
  namespace: org-test
spec:
  catalog: the-catalog
  config:
    configMap:
      name: ""
      namespace: ""
    secret:
      name: ""
      namespace: ""
  kubeConfig:
    context:
      name: ""
    inCluster: true
    secret:
      name: ""
      namespace: ""
  name: cluster-aws
  namespace: org-test
  userConfig:
    configMap:
      name: test1-userconfig
      namespace: org-test
  version: ""
