---
apiVersion: v1
data:
  values: |
    global:
      connectivity:
        bastion:
          enabled: true
      controlPlane:
        instanceType: B2s
        replicas: 3
      metadata:
        description: just a test cluster
        name: test1
        organization: test
      providerSpecific:
        location: northeurope
        subscriptionId: 12345678-ebb8-4b1f-8f96-d950d9e7aaaa
      release:
        version: 25.0.0
kind: ConfigMap
metadata:
  creationTimestamp: null
  labels:
    giantswarm.io/cluster: test1
  name: test1-userconfig
  namespace: org-test
---
apiVersion: application.giantswarm.io/v1alpha1
kind: App
metadata:
  labels:
    app-operator.giantswarm.io/version: 0.0.0
  name: test1
  namespace: org-test
spec:
  catalog: the-catalog
  config:
    configMap:
      name: ""
      namespace: ""
    secret:
      name: ""
      namespace: ""
  kubeConfig:
    context:
      name: ""
    inCluster: true
    secret:
      name: ""
      namespace: ""
  name: cluster-azure
  namespace: org-test
  userConfig:
    configMap:
      name: test1-userconfig
      namespace: org-test
  version: ""
