---
apiVersion: v1
data:
  values: |
    global:
      connectivity:
        availabilityZoneUsageLimit: 2
        network:
          vpcCidr: 10.123.0.0/16
        proxy:
          enabled: true
          httpProxy: http://internal-a1c90e5331e124481a14fb7ad80ae8eb-1778512673.eu-west-2.elb.amazonaws.com:4000
          httpsProxy: https://internal-a1c90e5331e124481a14fb7ad80ae8eb-1778512673.eu-west-2.elb.amazonaws.com:4000
          noProxy: test-domain.com
        subnets:
        - cidrBlocks:
          - availabilityZone: a
            cidr: 10.123.0.0/18
          - availabilityZone: b
            cidr: 10.123.64.0/18
          isPublic: false
        topology:
          mode: UserManaged
          prefixListId: pl-123456789abc
          transitGatewayId: tgw-987987987987def
        vpcMode: private
      controlPlane:
        apiMode: public
        instanceType: control-plane-instance-type
        loadBalancerIngressAllowCidrBlocks:
        - 1.2.3.4/32
        - 5.6.7.8/32
        - 9.10.11.12/32
        - 7.7.7.7/32
      metadata:
        description: just a test cluster
        name: test1
        organization: test
        preventDeletion: false
      nodePools:
        worker1:
          availabilityZones:
          - eu-west-1a
          - eu-west-1b
          customNodeLabels:
          - label=value
          instanceType: big-one
          maxSize: 5
          minSize: 2
          rootVolumeSizeGB: 200
      providerSpecific:
        awsClusterRoleIdentityName: other-identity
        region: the-region
      release:
        version: 25.0.0
kind: ConfigMap
metadata:
  creationTimestamp: null
  labels:
    giantswarm.io/cluster: test1
  name: test1-userconfig
  namespace: org-test
---
apiVersion: application.giantswarm.io/v1alpha1
kind: App
metadata:
  labels:
    app-operator.giantswarm.io/version: 0.0.0
  name: test1
  namespace: org-test
spec:
  catalog: the-catalog
  config:
    configMap:
      name: ""
      namespace: ""
    secret:
      name: ""
      namespace: ""
  kubeConfig:
    context:
      name: ""
    inCluster: true
    secret:
      name: ""
      namespace: ""
  name: cluster-aws
  namespace: org-test
  userConfig:
    configMap:
      name: test1-userconfig
      namespace: org-test
  version: ""
