---
apiVersion: v1
data:
  values: |
    global:
      connectivity:
        baseDomain: test.gigantic.io
        network:
          controlPlaneEndpoint:
            host: ""
            ipPoolName: foo-pool
            port: 6443
          loadBalancers:
            cidrBlocks:
            - 1.2.3.4/32
            ipPoolName: svc-foo-pool
      controlPlane:
        image:
          repository: gsoci.azurecr.io/giantswarm
        machineTemplate:
          cloneMode: linkedClone
          diskGiB: 42
          memoryMiB: 42000
          network:
            devices:
            - dhcp4: true
              networkName: foonet
          numCPUs: 6
          resourcePool: foopool
        replicas: 5
      metadata:
        description: yet another test cluster
        name: test1
        organization: test
      nodePools:
        worker:
          cloneMode: linkedClone
          diskGiB: 43
          memoryMiB: 43000
          network:
            devices:
            - dhcp4: true
              networkName: foonet
          numCPUs: 7
          replicas: 4
          resourcePool: foopool
      release:
        version: 27.0.0
kind: ConfigMap
metadata:
  creationTimestamp: null
  labels:
    giantswarm.io/cluster: test1
  name: test1-userconfig
  namespace: org-test
---
apiVersion: application.giantswarm.io/v1alpha1
kind: App
metadata:
  labels:
    app-operator.giantswarm.io/version: 0.0.0
  name: test1
  namespace: org-test
spec:
  catalog: foo-catalog
  config:
    configMap:
      name: ""
      namespace: ""
    secret:
      name: ""
      namespace: ""
  extraConfigs:
  - kind: secret
    name: container-registries-configuration
    namespace: default
    priority: 25
  kubeConfig:
    context:
      name: ""
    inCluster: true
    secret:
      name: ""
      namespace: ""
  name: cluster-vsphere
  namespace: org-test
  userConfig:
    configMap:
      name: test1-userconfig
      namespace: org-test
    secret:
      name: foosecret
      namespace: org-test
  version: 0.59.0
---
apiVersion: v1
data:
  values: |
    clusterName: test1
    organization: test
kind: ConfigMap
metadata:
  creationTimestamp: null
  labels:
    giantswarm.io/cluster: test1
  name: test1-default-apps-userconfig
  namespace: org-test
---
apiVersion: application.giantswarm.io/v1alpha1
kind: App
metadata:
  labels:
    app-operator.giantswarm.io/version: 0.0.0
    giantswarm.io/cluster: test1
    giantswarm.io/managed-by: cluster
  name: test1-default-apps
  namespace: org-test
spec:
  catalog: foo-default-catalog
  config:
    configMap:
      name: test1-cluster-values
      namespace: org-test
    secret:
      name: ""
      namespace: ""
  kubeConfig:
    context:
      name: ""
    inCluster: true
    secret:
      name: ""
      namespace: ""
  name: default-apps-vsphere
  namespace: org-test
  userConfig:
    configMap:
      name: test1-default-apps-userconfig
      namespace: org-test
  version: 3.2.1
