
## CREATE ##
/tmp/testpath/workload-clusters
/tmp/testpath/workload-clusters/demowc.yaml
apiVersion: kustomize.toolkit.fluxcd.io/v1beta2
kind: Kustomization
metadata:
  name: demomc-clusters-demowc
  namespace: default
spec:
  interval: 1m
  path: "./management-clusters/demomc/organizations/demoorg/workload-clusters/demowc"
  postBuild:
    substitute:
      cluster_name: "demowc"
      organization: "demoorg"
      release: "0.13.0"
  prune: false
  serviceAccountName: automation
  sourceRef:
    kind: GitRepository
    name: gitops-demo
  timeout: 2m

/tmp/testpath/workload-clusters/demowc
/tmp/testpath/workload-clusters/demowc/apps
/tmp/testpath/workload-clusters/demowc/cluster
/tmp/testpath/workload-clusters/demowc/cluster/kustomization.yaml
apiVersion: kustomize.config.k8s.io/v1beta1
commonLabels:
  giantswarm.io/managed-by: flux
kind: Kustomization
resources:
- ../../../../../../../bases/cluster/capa
