machinepool.exp.cluster.x-k8s.io/1sad2
machinepool.exp.cluster.x-k8s.io/2a03f
machinepool.exp.cluster.x-k8s.io/asd29
machinepool.exp.cluster.x-k8s.io/f930q
machinepool.exp.cluster.x-k8s.io/9f012
machinepool.exp.cluster.x-k8s.io/2f0as
