apiVersion: kustomize.toolkit.fluxcd.io/v1beta2
kind: Kustomization
metadata:
  name: demomc-clusters-demowc
  namespace: default
spec:
  interval: 1m
  path: "./management-clusters/demomc/organizations/demoorg/workload-clusters/demowc/mapi"
  postBuild:
    substitute:
      cluster_name: demowc
      release: 0.13.0
      organization: demoorg
  prune: false
  serviceAccountName: automation
  sourceRef:
    kind: GitRepository
    name: gitops-demo
  timeout: 2m
