apiVersion: kustomize.config.k8s.io/v1beta1
commonLabels:
  giantswarm.io/managed-by: flux
kind: Kustomization
patchesStrategicMerge:
  - patch_cluster_userconfig.yaml
resources:
  - ../../../../../../../../bases/cluster/capa
  - cluster_userconfig.yaml
