apiVersion: application.giantswarm.io/v1alpha1
kind: App
metadata:
  labels:
    giantswarm.io/cluster: eggs2
  name: ingress-nginx
  namespace: org-giantswarm
spec:
  catalog: giantswarm
  kubeConfig:
    inCluster: false
  name: ingress-nginx
  namespace: kube-system
  version: 3.0.0
