apiVersion: application.giantswarm.io/v1alpha1
kind: App
metadata:
  name: ingress-nginx
  namespace: eggs2
spec:
  catalog: giantswarm
  kubeConfig:
    inCluster: false
  name: ingress-nginx
  namespace: kube-system
  version: 3.0.0
